--------------------------------------------------------------------------------
Lattice Synthesis Timing Report, Version  
Thu Jun 22 17:51:41 2017

Copyright (c) 1991-1994 by NeoCAD Inc. All rights reserved.
Copyright (c) 1995 AT&T Corp.   All rights reserved.
Copyright (c) 1995-2001 Lucent Technologies Inc.  All rights reserved.
Copyright (c) 2001 Agere Systems   All rights reserved.
Copyright (c) 2002-2017 Lattice Semiconductor Corporation,  All rights reserved.

Report Information
------------------
Design:     blinky
Constraint file:  
Report level:    verbose report, limited to 3 items per constraint
--------------------------------------------------------------------------------



================================================================================
Constraint: create_clock -period 1000.000000 -name clk0 [get_nets osc_clk]
            531 items scored, 0 timing errors detected.
--------------------------------------------------------------------------------


Passed:  The following path meets requirements by 993.768ns

 Logical Details:  Cell type  Pin type       Cell name  (clock net +/-)

   Source:         FD1S3IX    CK             count_19__i0  (from osc_clk +)
   Destination:    FD1S3IX    D              count_19__i27  (to osc_clk +)

   Delay:                   6.072ns  (64.4% logic, 35.6% route), 16 logic levels.

 Constraint Details:

      6.072ns data_path count_19__i0 to count_19__i27 meets
    1000.000ns delay constraint less
      0.160ns L_S requirement (totaling 999.840ns) by 993.768ns

 Path Details: count_19__i0 to count_19__i27

   Name    Fanout   Delay (ns)          Pins               Resource(Cell.Net)
L_CO        ---     0.444             CK to Q              count_19__i0 (from osc_clk)
Route         1   e 0.941                                  n28
A1_TO_FCO   ---     0.827           A[2] to COUT           count_19_add_4_1
Route         1   e 0.020                                  n231
FCI_TO_FCO  ---     0.157            CIN to COUT           count_19_add_4_3
Route         1   e 0.020                                  n232
FCI_TO_FCO  ---     0.157            CIN to COUT           count_19_add_4_5
Route         1   e 0.020                                  n233
FCI_TO_FCO  ---     0.157            CIN to COUT           count_19_add_4_7
Route         1   e 0.020                                  n234
FCI_TO_FCO  ---     0.157            CIN to COUT           count_19_add_4_9
Route         1   e 0.020                                  n235
FCI_TO_FCO  ---     0.157            CIN to COUT           count_19_add_4_11
Route         1   e 0.020                                  n236
FCI_TO_FCO  ---     0.157            CIN to COUT           count_19_add_4_13
Route         1   e 0.020                                  n237
FCI_TO_FCO  ---     0.157            CIN to COUT           count_19_add_4_15
Route         1   e 0.020                                  n238
FCI_TO_FCO  ---     0.157            CIN to COUT           count_19_add_4_17
Route         1   e 0.020                                  n239
FCI_TO_FCO  ---     0.157            CIN to COUT           count_19_add_4_19
Route         1   e 0.020                                  n240
FCI_TO_FCO  ---     0.157            CIN to COUT           count_19_add_4_21
Route         1   e 0.020                                  n241
FCI_TO_FCO  ---     0.157            CIN to COUT           count_19_add_4_23
Route         1   e 0.020                                  n242
FCI_TO_FCO  ---     0.157            CIN to COUT           count_19_add_4_25
Route         1   e 0.020                                  n243
FCI_TO_FCO  ---     0.157            CIN to COUT           count_19_add_4_27
Route         1   e 0.020                                  n244
FCI_TO_F    ---     0.598            CIN to S[2]           count_19_add_4_29
Route         1   e 0.941                                  n118
                  --------
                    6.072  (64.4% logic, 35.6% route), 16 logic levels.


Passed:  The following path meets requirements by 993.945ns

 Logical Details:  Cell type  Pin type       Cell name  (clock net +/-)

   Source:         FD1S3IX    CK             count_19__i1  (from osc_clk +)
   Destination:    FD1S3IX    D              count_19__i27  (to osc_clk +)

   Delay:                   5.895ns  (63.7% logic, 36.3% route), 15 logic levels.

 Constraint Details:

      5.895ns data_path count_19__i1 to count_19__i27 meets
    1000.000ns delay constraint less
      0.160ns L_S requirement (totaling 999.840ns) by 993.945ns

 Path Details: count_19__i1 to count_19__i27

   Name    Fanout   Delay (ns)          Pins               Resource(Cell.Net)
L_CO        ---     0.444             CK to Q              count_19__i1 (from osc_clk)
Route         1   e 0.941                                  n27
A1_TO_FCO   ---     0.827           A[2] to COUT           count_19_add_4_3
Route         1   e 0.020                                  n232
FCI_TO_FCO  ---     0.157            CIN to COUT           count_19_add_4_5
Route         1   e 0.020                                  n233
FCI_TO_FCO  ---     0.157            CIN to COUT           count_19_add_4_7
Route         1   e 0.020                                  n234
FCI_TO_FCO  ---     0.157            CIN to COUT           count_19_add_4_9
Route         1   e 0.020                                  n235
FCI_TO_FCO  ---     0.157            CIN to COUT           count_19_add_4_11
Route         1   e 0.020                                  n236
FCI_TO_FCO  ---     0.157            CIN to COUT           count_19_add_4_13
Route         1   e 0.020                                  n237
FCI_TO_FCO  ---     0.157            CIN to COUT           count_19_add_4_15
Route         1   e 0.020                                  n238
FCI_TO_FCO  ---     0.157            CIN to COUT           count_19_add_4_17
Route         1   e 0.020                                  n239
FCI_TO_FCO  ---     0.157            CIN to COUT           count_19_add_4_19
Route         1   e 0.020                                  n240
FCI_TO_FCO  ---     0.157            CIN to COUT           count_19_add_4_21
Route         1   e 0.020                                  n241
FCI_TO_FCO  ---     0.157            CIN to COUT           count_19_add_4_23
Route         1   e 0.020                                  n242
FCI_TO_FCO  ---     0.157            CIN to COUT           count_19_add_4_25
Route         1   e 0.020                                  n243
FCI_TO_FCO  ---     0.157            CIN to COUT           count_19_add_4_27
Route         1   e 0.020                                  n244
FCI_TO_F    ---     0.598            CIN to S[2]           count_19_add_4_29
Route         1   e 0.941                                  n118
                  --------
                    5.895  (63.7% logic, 36.3% route), 15 logic levels.


Passed:  The following path meets requirements by 993.945ns

 Logical Details:  Cell type  Pin type       Cell name  (clock net +/-)

   Source:         FD1S3IX    CK             count_19__i2  (from osc_clk +)
   Destination:    FD1S3IX    D              count_19__i27  (to osc_clk +)

   Delay:                   5.895ns  (63.7% logic, 36.3% route), 15 logic levels.

 Constraint Details:

      5.895ns data_path count_19__i2 to count_19__i27 meets
    1000.000ns delay constraint less
      0.160ns L_S requirement (totaling 999.840ns) by 993.945ns

 Path Details: count_19__i2 to count_19__i27

   Name    Fanout   Delay (ns)          Pins               Resource(Cell.Net)
L_CO        ---     0.444             CK to Q              count_19__i2 (from osc_clk)
Route         1   e 0.941                                  n26
A1_TO_FCO   ---     0.827           A[2] to COUT           count_19_add_4_3
Route         1   e 0.020                                  n232
FCI_TO_FCO  ---     0.157            CIN to COUT           count_19_add_4_5
Route         1   e 0.020                                  n233
FCI_TO_FCO  ---     0.157            CIN to COUT           count_19_add_4_7
Route         1   e 0.020                                  n234
FCI_TO_FCO  ---     0.157            CIN to COUT           count_19_add_4_9
Route         1   e 0.020                                  n235
FCI_TO_FCO  ---     0.157            CIN to COUT           count_19_add_4_11
Route         1   e 0.020                                  n236
FCI_TO_FCO  ---     0.157            CIN to COUT           count_19_add_4_13
Route         1   e 0.020                                  n237
FCI_TO_FCO  ---     0.157            CIN to COUT           count_19_add_4_15
Route         1   e 0.020                                  n238
FCI_TO_FCO  ---     0.157            CIN to COUT           count_19_add_4_17
Route         1   e 0.020                                  n239
FCI_TO_FCO  ---     0.157            CIN to COUT           count_19_add_4_19
Route         1   e 0.020                                  n240
FCI_TO_FCO  ---     0.157            CIN to COUT           count_19_add_4_21
Route         1   e 0.020                                  n241
FCI_TO_FCO  ---     0.157            CIN to COUT           count_19_add_4_23
Route         1   e 0.020                                  n242
FCI_TO_FCO  ---     0.157            CIN to COUT           count_19_add_4_25
Route         1   e 0.020                                  n243
FCI_TO_FCO  ---     0.157            CIN to COUT           count_19_add_4_27
Route         1   e 0.020                                  n244
FCI_TO_F    ---     0.598            CIN to S[2]           count_19_add_4_29
Route         1   e 0.941                                  n118
                  --------
                    5.895  (63.7% logic, 36.3% route), 15 logic levels.

Report: 6.232 ns is the maximum delay for this constraint.


Timing Report Summary
--------------
--------------------------------------------------------------------------------
Constraint                              |   Constraint|       Actual|Levels
--------------------------------------------------------------------------------
                                        |             |             |
create_clock -period 1000.000000 -name  |             |             |
clk0 [get_nets osc_clk]                 |  1000.000 ns|     6.232 ns|    16  
                                        |             |             |
--------------------------------------------------------------------------------


All constraints were met.



Timing summary:
---------------

Timing errors: 0  Score: 0

Constraints cover  531 paths, 72 nets, and 130 connections (91.5% coverage)


Peak memory: 35831808 bytes, TRCE: 1437696 bytes, DLYMAN: 0 bytes
CPU_TIME_REPORT: 0 secs 
